// Jest Snapshot v1, https://goo.gl/fbAQLP

exports[`App should render 1`] = `
<div>
  <div>
    NTT Data Test
  </div>
  <div>
    Loading...
  </div>
</div>
`;
